[0m18:59:55.872420 [debug] [MainThread]: Sending event: {'category': 'dbt', 'action': 'invocation', 'label': 'start', 'context': [<snowplow_tracker.self_describing_json.SelfDescribingJson object at 0x00000171C9BD88C0>, <snowplow_tracker.self_describing_json.SelfDescribingJson object at 0x00000171C97124E0>, <snowplow_tracker.self_describing_json.SelfDescribingJson object at 0x00000171C97125A0>]}


============================== 18:59:55.884638 | 812c255a-51cc-4ee4-a30b-71099cb74b32 ==============================
[0m18:59:55.884638 [info ] [MainThread]: Running with dbt=1.11.7
[0m18:59:55.885637 [debug] [MainThread]: running dbt with arguments {'static_parser': 'True', 'no_print': 'None', 'version_check': 'True', 'target_path': 'None', 'warn_error_options': 'WarnErrorOptionsV2(error=[], warn=[], silence=[])', 'printer_width': '80', 'write_json': 'True', 'empty': 'None', 'log_cache_events': 'False', 'introspect': 'True', 'cache_selected_only': 'False', 'fail_fast': 'False', 'debug': 'False', 'log_format': 'default', 'profiles_dir': 'C:\\Users\\yasvi kachhadiya\\.dbt', 'send_anonymous_usage_stats': 'True', 'quiet': 'False', 'warn_error': 'None', 'partial_parse': 'True', 'indirect_selection': 'eager', 'use_colors': 'True', 'invocation_command': 'dbt init', 'use_experimental_parser': 'False', 'log_path': 'logs'}
[0m18:59:55.969829 [info ] [MainThread]: Creating dbt configuration folder at C:\Users\yasvi kachhadiya\.dbt
[0m19:02:06.043940 [debug] [MainThread]: Starter project path: C:\Users\yasvi kachhadiya\OneDrive\Desktop\TechMicra\DBT Course\.venv\Lib\site-packages\dbt\include\starter_project
[0m19:02:06.146435 [info ] [MainThread]: 
Your new dbt project "yasvi_dbt_tutorial" was created!

For more information on how to configure the profiles.yml file,
please consult the dbt documentation here:

  https://docs.getdbt.com/docs/configure-your-profile

One more thing:

Need help? Don't hesitate to reach out to us via GitHub issues or on Slack:

  https://community.getdbt.com/

Happy modeling!

[0m19:02:06.148596 [info ] [MainThread]: Setting up your profile.
[0m19:03:42.692232 [debug] [MainThread]: Spark adapter: Setting pyhive.hive logging to ERROR
[0m19:03:42.693252 [debug] [MainThread]: Spark adapter: Setting thrift.transport logging to ERROR
[0m19:03:42.693252 [debug] [MainThread]: Spark adapter: Setting thrift.protocol logging to ERROR
[0m19:18:09.904969 [info ] [MainThread]: Profile yasvi_dbt_tutorial written to C:\Users\yasvi kachhadiya\.dbt\profiles.yml using target's profile_template.yml and your supplied values. Run 'dbt debug' to validate the connection.
[0m19:18:10.278242 [debug] [MainThread]: Command `dbt init` succeeded at 19:18:10.257556 after 1094.69 seconds
[0m19:18:10.334234 [debug] [MainThread]: Sending event: {'category': 'dbt', 'action': 'invocation', 'label': 'end', 'context': [<snowplow_tracker.self_describing_json.SelfDescribingJson object at 0x00000171E78ABF80>, <snowplow_tracker.self_describing_json.SelfDescribingJson object at 0x00000171CA2D62A0>, <snowplow_tracker.self_describing_json.SelfDescribingJson object at 0x00000171E5BB9D30>]}
[0m19:18:10.376192 [debug] [MainThread]: Flushing usage events
[0m19:18:13.549776 [debug] [MainThread]: An error was encountered while trying to flush usage events
[0m19:18:37.507861 [debug] [MainThread]: Sending event: {'category': 'dbt', 'action': 'invocation', 'label': 'start', 'context': [<snowplow_tracker.self_describing_json.SelfDescribingJson object at 0x0000019BCBE18440>, <snowplow_tracker.self_describing_json.SelfDescribingJson object at 0x0000019BC88320F0>, <snowplow_tracker.self_describing_json.SelfDescribingJson object at 0x0000019BCB80BB30>]}


============================== 19:18:37.523875 | 7856755c-dd85-4143-8c12-ef06edc44146 ==============================
[0m19:18:37.523875 [info ] [MainThread]: Running with dbt=1.11.7
[0m19:18:37.525872 [debug] [MainThread]: running dbt with arguments {'version_check': 'True', 'no_print': 'None', 'static_parser': 'True', 'target_path': 'None', 'warn_error_options': 'WarnErrorOptionsV2(error=[], warn=[], silence=[])', 'printer_width': '80', 'write_json': 'True', 'introspect': 'True', 'log_cache_events': 'False', 'empty': 'None', 'cache_selected_only': 'False', 'fail_fast': 'False', 'debug': 'False', 'log_format': 'default', 'partial_parse': 'True', 'send_anonymous_usage_stats': 'True', 'quiet': 'False', 'warn_error': 'None', 'profiles_dir': 'C:\\Users\\yasvi kachhadiya\\.dbt', 'indirect_selection': 'eager', 'use_colors': 'True', 'invocation_command': 'dbt debug', 'use_experimental_parser': 'False', 'log_path': 'logs'}
[0m19:18:37.606586 [info ] [MainThread]: dbt version: 1.11.7
[0m19:18:37.607587 [info ] [MainThread]: python version: 3.12.9
[0m19:18:37.608588 [info ] [MainThread]: python path: C:\Users\yasvi kachhadiya\OneDrive\Desktop\TechMicra\DBT Course\.venv\Scripts\python.exe
[0m19:18:37.609590 [info ] [MainThread]: os info: Windows-11-10.0.26200-SP0
[0m19:18:39.589912 [debug] [MainThread]: Spark adapter: Setting pyhive.hive logging to ERROR
[0m19:18:39.590918 [debug] [MainThread]: Spark adapter: Setting thrift.transport logging to ERROR
[0m19:18:39.591917 [debug] [MainThread]: Spark adapter: Setting thrift.protocol logging to ERROR
[0m19:18:41.914531 [info ] [MainThread]: Using profiles dir at C:\Users\yasvi kachhadiya\.dbt
[0m19:18:41.916530 [info ] [MainThread]: Using profiles.yml file at C:\Users\yasvi kachhadiya\.dbt\profiles.yml
[0m19:18:41.918526 [info ] [MainThread]: Using dbt_project.yml file at C:\Users\yasvi kachhadiya\OneDrive\Desktop\TechMicra\DBT Course\dbt_project.yml
[0m19:18:41.919525 [info ] [MainThread]: adapter type: databricks
[0m19:18:41.920525 [info ] [MainThread]: adapter version: 1.10.9
[0m19:18:41.922545 [info ] [MainThread]: Configuration:
[0m19:18:41.923855 [info ] [MainThread]:   profiles.yml file [[32mOK found and valid[0m]
[0m19:18:41.924882 [info ] [MainThread]:   dbt_project.yml file [[31mERROR not found[0m]
[0m19:18:41.927870 [info ] [MainThread]: Required dependencies:
[0m19:18:41.929872 [debug] [MainThread]: Executing "git --help"
[0m19:18:42.065115 [debug] [MainThread]: STDOUT: "b"usage: git [-v | --version] [-h | --help] [-C <path>] [-c <name>=<value>]\n           [--exec-path[=<path>]] [--html-path] [--man-path] [--info-path]\n           [-p | --paginate | -P | --no-pager] [--no-replace-objects] [--no-lazy-fetch]\n           [--no-optional-locks] [--no-advice] [--bare] [--git-dir=<path>]\n           [--work-tree=<path>] [--namespace=<name>] [--config-env=<name>=<envvar>]\n           <command> [<args>]\n\nThese are common Git commands used in various situations:\n\nstart a working area (see also: git help tutorial)\n   clone      Clone a repository into a new directory\n   init       Create an empty Git repository or reinitialize an existing one\n\nwork on the current change (see also: git help everyday)\n   add        Add file contents to the index\n   mv         Move or rename a file, a directory, or a symlink\n   restore    Restore working tree files\n   rm         Remove files from the working tree and from the index\n\nexamine the history and state (see also: git help revisions)\n   bisect     Use binary search to find the commit that introduced a bug\n   diff       Show changes between commits, commit and working tree, etc\n   grep       Print lines matching a pattern\n   log        Show commit logs\n   show       Show various types of objects\n   status     Show the working tree status\n\ngrow, mark and tweak your common history\n   backfill   Download missing objects in a partial clone\n   branch     List, create, or delete branches\n   commit     Record changes to the repository\n   merge      Join two or more development histories together\n   rebase     Reapply commits on top of another base tip\n   reset      Reset current HEAD to the specified state\n   switch     Switch branches\n   tag        Create, list, delete or verify a tag object signed with GPG\n\ncollaborate (see also: git help workflows)\n   fetch      Download objects and refs from another repository\n   pull       Fetch from and integrate with another repository or a local branch\n   push       Update remote refs along with associated objects\n\n'git help -a' and 'git help -g' list available subcommands and some\nconcept guides. See 'git help <command>' or 'git help <concept>'\nto read about a specific subcommand or concept.\nSee 'git help git' for an overview of the system.\n""
[0m19:18:42.067120 [debug] [MainThread]: STDERR: "b''"
[0m19:18:42.068122 [info ] [MainThread]:  - git [[32mOK found[0m]

[0m19:18:42.069113 [info ] [MainThread]: Connection:
[0m19:18:42.070117 [info ] [MainThread]:   host: dbc-1b7b512d-5c2d.cloud.databricks.com
[0m19:18:42.071118 [info ] [MainThread]:   http_path: /sql/1.0/warehouses/94b5bc1899438b35
[0m19:18:42.072115 [info ] [MainThread]:   catalog: dbt_tutorial_dev
[0m19:18:42.074116 [info ] [MainThread]:   schema: source
[0m19:18:42.075119 [info ] [MainThread]: Registered adapter: databricks=1.10.9
[0m19:18:42.811125 [debug] [MainThread]: Databricks adapter: DatabricksDBTConnection(session-id=None, name=debug) - Creating connection
[0m19:18:42.812129 [debug] [MainThread]: Acquiring new databricks connection 'debug'
[0m19:18:42.813125 [debug] [MainThread]: Using databricks connection "debug"
[0m19:18:42.813125 [debug] [MainThread]: On debug: select 1 as id
[0m19:18:42.813125 [debug] [MainThread]: Opening a new connection, currently in state init
[0m19:18:44.789535 [error] [MainThread]: databricks-sql-connector adapter: ThriftBackend.attempt_request: Exception: %s
[0m19:18:44.902156 [error] [MainThread]: Databricks adapter: Connection(session-id=Unknown) - Exception while trying to create connection: Error during request to server: : Invalid access token.. 
Error properties: attempt=1/30, bounded-retry-delay=None, elapsed-seconds=1.6683287620544434/900.0, error-message=: Invalid access token., http-code=403, method=OpenSession, no-retry-reason=non-retryable error, original-exception=, query-id=None, session-id=None
[0m19:18:44.904152 [debug] [MainThread]: Databricks adapter: Exception while trying to execute query
select 1 as id
: Database Error
  Error during request to server: : Invalid access token.. 
[0m19:18:44.904152 [debug] [MainThread]: On debug: No close available on handle
[0m19:18:44.905156 [info ] [MainThread]:   Connection test: [[31mERROR[0m]

[0m19:18:44.905156 [info ] [MainThread]: [31m2 checks failed:[0m
[0m19:18:44.906549 [info ] [MainThread]: Project loading failed for the following reason:
 project path <C:\Users\yasvi kachhadiya\OneDrive\Desktop\TechMicra\DBT Course\dbt_project.yml> not found

[0m19:18:44.907563 [info ] [MainThread]: dbt was unable to connect to the specified database.
The database returned the following error:

  >Database Error
  Database Error
    Error during request to server: : Invalid access token.. 

Check your database credentials and try again. For more information, visit:
https://docs.getdbt.com/docs/configure-your-profile


[0m19:18:44.908818 [debug] [MainThread]: Command `dbt debug` failed at 19:18:44.908818 after 7.79 seconds
[0m19:18:44.909833 [debug] [MainThread]: Sending event: {'category': 'dbt', 'action': 'invocation', 'label': 'end', 'context': [<snowplow_tracker.self_describing_json.SelfDescribingJson object at 0x0000019BCC3BDE50>, <snowplow_tracker.self_describing_json.SelfDescribingJson object at 0x0000019BE9CBBC80>, <snowplow_tracker.self_describing_json.SelfDescribingJson object at 0x0000019BE9CBBF80>]}
[0m19:18:44.909833 [debug] [MainThread]: Flushing usage events
[0m19:18:47.070602 [debug] [MainThread]: An error was encountered while trying to flush usage events
